---
source: crates/tui/tests/mobile_ui.rs
expression: screen(&mut m)
---
Sessions (0) · letters open · ↑↓       
Sessions                               
No sessions yet.                       
Press n to start one.                  
A repository is optional.              
                                       
                                       
                                       
                                       
                                       
                                       
                                       
                                       
                                       
                                       
                                       
Enter/Esc close                        
n new r rename x delete ^Q quit
