---
source: crates/tui/tests/mobile_ui.rs
expression: out
---
Sessions (1) · j/k move · Enter open   
Sessions j/k move                      
● a Phone notes · codex                
                                       
                                       
                                       
                                       
                                       
                                       
                                       
                                       
                                       
                                       
                                       
                                       
working · codex                        
Enter open Esc back                    
n new r rename x del p priority
