---
source: crates/tui/tests/mobile_ui.rs
expression: out
---
╭ Ask Lazybox ─────────────────╮
│New question · Tab mode       │
│New question › ▌              │
│──────────────────────────────│
│  Keys in the mobile UI       │
│   Ctrl-T   Sessions          │
│   Ctrl-G   Settings          │
│   Ctrl-Q   detach from       │
│Sessions                      │
│   Ctrl-U/D chat history      │
│Enter ask ^U/D scroll Esc back│
╰──────────────────────────────╯
