---
source: crates/tui/tests/snapshots.rs
expression: rendered
---
 LAZYBOX v0.1.8 (dev)       3 items  7d
 f [filter]  o [split]

 ──────────────────────────────────────

 ▾  owner/repo
  I Issues
 ▸○ 1 A   task: o/r#1               10m
  ○ 2 A   task: o/r#2                1h
  ○ 3 A   task: o/r#3                2h
