---
source: crates/tui/tests/snapshots.rs
expression: rendered
---
 LAZYBOX v0.1.8 (dev)       0 items  7d
 f [filter]  o [split]

 ──────────────────────────────────────


  No PRs or issues yet

  lazybox also manages your
  git worktrees — spin up an
  agent session per task:

   ⇧W   start work
   x p  new project
   x n  new workspace

  or open a tool yourself:
   a c  claude
   s    shell
   e    editor

  new here?
   ?    Ask Lazybox
   ⇧T   tour
   ⇧R   refresh inbox
