---
source: crates/tui/tests/snapshots.rs
expression: rendered
---
 LAZYBOX v0.1.9 (dev)       3 items  7d
 f [filter]  o [recent]  # [find]

 ──────────────────────────────────────

 ▾  owner/repo
 ▶⇄ 10 A   task: o/r#10              5m
  ○ 11 A   task: o/r#11             30m
  ○ 12 A   task: o/r#12              1h
