---
source: crates/tui/tests/snapshots.rs
assertion_line: 224
expression: rendered
---
 LAZYBOX  0  [7d]
 f [all]  o [split]

 ────────────────────────────────────


  No PRs or issues yet

  lazybox also manages your
  git worktrees — start an
  isolated session per task:

   n    new workspace
   ⇧N   new project

  then, inside it:
   c    claude
   s    shell
   e    editor

  new here?
   ?    help
   ⇧T   tour
   ⇧R   refresh inbox
